---
http_interactions:
- request:
    method: post
    uri: https://identity.api.rackspacecloud.com/v2.0/tokens
    body:
      encoding: UTF-8
      string: '{"auth":{"RAX-KSKEY:apiKeyCredentials":{"username":"<RS_USERNAME>","apiKey":"<RS_API_KEY>"}}}'
    headers:
      User-Agent:
      - fog-core/1.35.0
      Content-Type:
      - application/json
      Accept:
      - application/json
      X-Auth-Token:
      - ''
  response:
    status:
      code: 200
      message: ''
    headers:
      Server:
      - nginx
      Date:
      - Mon, 14 Mar 2016 16:19:49 GMT
      Content-Type:
      - application/json
      Connection:
      - keep-alive
      X-Newrelic-App-Data:
      - PxQGUF9aDwETVlhSBQgFVUYdFGQHBDcQUQxLA1tMXV1dORYzVBJHNQFUZAQUFVFQVThOFlhaUggXER5jLTU3SxJOCEwIFAQcA10BWAFSH09VGhUEBwILUQhQBVYFUAACUAMOET8=
      Vary:
      - Accept, Accept-Encoding, X-Auth-Token
      Front-End-Https:
      - 'on'
    body:
      encoding: UTF-8
      string: '{"access":{"token":{"id":"AAB9stWu2wEERUUfiTzB-YVa4OFwcmid0H7NRTXDBB0m9wcyHdmcvcOOBL3R5Oof0m1yw9rw05uXG7EZBYCDcWPpjFD-R1zueIpyAEF5sDARIC-RNH3mBS4ZJ3RWFoDj3Lrq865AJm5YWg","expires":"2016-03-15T16:15:36.178Z","tenant":{"id":"<RS_TENANT_ID>","name":"<RS_TENANT_ID>"},"RAX-AUTH:authenticatedBy":["APIKEY"]},"serviceCatalog":[{"name":"cloudFilesCDN","endpoints":[{"region":"IAD","tenantId":"MossoCloudFS_<RS_TENANT_ID>","publicURL":"https:\/\/cdn5.clouddrive.com\/v1\/MossoCloudFS_<RS_TENANT_ID>"},{"region":"SYD","tenantId":"MossoCloudFS_<RS_TENANT_ID>","publicURL":"https:\/\/cdn4.clouddrive.com\/v1\/MossoCloudFS_<RS_TENANT_ID>"},{"region":"DFW","tenantId":"MossoCloudFS_<RS_TENANT_ID>","publicURL":"https:\/\/cdn1.clouddrive.com\/v1\/MossoCloudFS_<RS_TENANT_ID>"},{"region":"HKG","tenantId":"MossoCloudFS_<RS_TENANT_ID>","publicURL":"https:\/\/cdn6.clouddrive.com\/v1\/MossoCloudFS_<RS_TENANT_ID>"}],"type":"rax:object-cdn"},{"name":"cloudFiles","endpoints":[{"region":"IAD","tenantId":"MossoCloudFS_<RS_TENANT_ID>","publicURL":"https:\/\/storage101.iad3.clouddrive.com\/v1\/MossoCloudFS_<RS_TENANT_ID>","internalURL":"https:\/\/snet-storage101.iad3.clouddrive.com\/v1\/MossoCloudFS_<RS_TENANT_ID>"},{"region":"SYD","tenantId":"MossoCloudFS_<RS_TENANT_ID>","publicURL":"https:\/\/storage101.syd2.clouddrive.com\/v1\/MossoCloudFS_<RS_TENANT_ID>","internalURL":"https:\/\/snet-storage101.syd2.clouddrive.com\/v1\/MossoCloudFS_<RS_TENANT_ID>"},{"region":"DFW","tenantId":"MossoCloudFS_<RS_TENANT_ID>","publicURL":"https:\/\/storage101.dfw1.clouddrive.com\/v1\/MossoCloudFS_<RS_TENANT_ID>","internalURL":"https:\/\/snet-storage101.dfw1.clouddrive.com\/v1\/MossoCloudFS_<RS_TENANT_ID>"},{"region":"HKG","tenantId":"MossoCloudFS_<RS_TENANT_ID>","publicURL":"https:\/\/storage101.hkg1.clouddrive.com\/v1\/MossoCloudFS_<RS_TENANT_ID>","internalURL":"https:\/\/snet-storage101.hkg1.clouddrive.com\/v1\/MossoCloudFS_<RS_TENANT_ID>"}],"type":"object-store"},{"name":"cloudBlockStorage","endpoints":[{"region":"DFW","tenantId":"<RS_TENANT_ID>","publicURL":"https:\/\/dfw.blockstorage.api.rackspacecloud.com\/v1\/<RS_TENANT_ID>"},{"region":"SYD","tenantId":"<RS_TENANT_ID>","publicURL":"https:\/\/syd.blockstorage.api.rackspacecloud.com\/v1\/<RS_TENANT_ID>"},{"region":"IAD","tenantId":"<RS_TENANT_ID>","publicURL":"https:\/\/iad.blockstorage.api.rackspacecloud.com\/v1\/<RS_TENANT_ID>"},{"region":"HKG","tenantId":"<RS_TENANT_ID>","publicURL":"https:\/\/hkg.blockstorage.api.rackspacecloud.com\/v1\/<RS_TENANT_ID>"}],"type":"volume"},{"name":"cloudImages","endpoints":[{"region":"IAD","tenantId":"<RS_TENANT_ID>","publicURL":"https:\/\/iad.images.api.rackspacecloud.com\/v2"},{"region":"HKG","tenantId":"<RS_TENANT_ID>","publicURL":"https:\/\/hkg.images.api.rackspacecloud.com\/v2"},{"region":"DFW","tenantId":"<RS_TENANT_ID>","publicURL":"https:\/\/dfw.images.api.rackspacecloud.com\/v2"},{"region":"SYD","tenantId":"<RS_TENANT_ID>","publicURL":"https:\/\/syd.images.api.rackspacecloud.com\/v2"}],"type":"image"},{"name":"rackconnect","endpoints":[{"region":"IAD","tenantId":"<RS_TENANT_ID>","publicURL":"https:\/\/iad.rackconnect.api.rackspacecloud.com\/v3\/<RS_TENANT_ID>"}],"type":"rax:rackconnect"},{"name":"cloudQueues","endpoints":[{"region":"HKG","tenantId":"<RS_TENANT_ID>","publicURL":"https:\/\/hkg.queues.api.rackspacecloud.com\/v1\/<RS_TENANT_ID>","internalURL":"https:\/\/snet-hkg.queues.api.rackspacecloud.com\/v1\/<RS_TENANT_ID>"},{"region":"SYD","tenantId":"<RS_TENANT_ID>","publicURL":"https:\/\/syd.queues.api.rackspacecloud.com\/v1\/<RS_TENANT_ID>","internalURL":"https:\/\/snet-syd.queues.api.rackspacecloud.com\/v1\/<RS_TENANT_ID>"},{"region":"DFW","tenantId":"<RS_TENANT_ID>","publicURL":"https:\/\/dfw.queues.api.rackspacecloud.com\/v1\/<RS_TENANT_ID>","internalURL":"https:\/\/snet-dfw.queues.api.rackspacecloud.com\/v1\/<RS_TENANT_ID>"},{"region":"IAD","tenantId":"<RS_TENANT_ID>","publicURL":"https:\/\/iad.queues.api.rackspacecloud.com\/v1\/<RS_TENANT_ID>","internalURL":"https:\/\/snet-iad.queues.api.rackspacecloud.com\/v1\/<RS_TENANT_ID>"}],"type":"rax:queues"},{"name":"cloudBigData","endpoints":[{"region":"IAD","tenantId":"<RS_TENANT_ID>","publicURL":"https:\/\/iad.bigdata.api.rackspacecloud.com\/v1.0\/<RS_TENANT_ID>","versionInfo":"httpis:\/\/iad.bigdata.api.rackspacecloud.com\/v1.0","versionList":"https:\/\/iad.bigdata.api.rackspacecloud.com\/","versionId":"1"},{"region":"DFW","tenantId":"<RS_TENANT_ID>","publicURL":"https:\/\/dfw.bigdata.api.rackspacecloud.com\/v1.0\/<RS_TENANT_ID>","versionInfo":"https:\/\/dfw.bigdata.api.rackspacecloud.com\/v1.0","versionList":"https:\/\/dfw.bigdata.api.rackspacecloud.com\/","versionId":"1"},{"region":"IAD","tenantId":"<RS_TENANT_ID>","publicURL":"https:\/\/iad.bigdata.api.rackspacecloud.com\/v2\/<RS_TENANT_ID>","versionInfo":"https:\/\/iad.bigdata.api.rackspacecloud.com\/v2","versionList":"https:\/\/iad.bigdata.api.rackspacecloud.com\/","versionId":"2"},{"region":"DFW","tenantId":"<RS_TENANT_ID>","publicURL":"https:\/\/dfw.bigdata.api.rackspacecloud.com\/v2\/<RS_TENANT_ID>","versionInfo":"https:\/\/dfw.bigdata.api.rackspacecloud.com\/v2","versionList":"https:\/\/dfw.bigdata.api.rackspacecloud.com\/","versionId":"2"}],"type":"rax:bigdata"},{"name":"cloudOrchestration","endpoints":[{"region":"HKG","tenantId":"<RS_TENANT_ID>","publicURL":"https:\/\/hkg.orchestration.api.rackspacecloud.com\/v1\/<RS_TENANT_ID>"},{"region":"DFW","tenantId":"<RS_TENANT_ID>","publicURL":"https:\/\/dfw.orchestration.api.rackspacecloud.com\/v1\/<RS_TENANT_ID>"},{"region":"IAD","tenantId":"<RS_TENANT_ID>","publicURL":"https:\/\/iad.orchestration.api.rackspacecloud.com\/v1\/<RS_TENANT_ID>"},{"region":"SYD","tenantId":"<RS_TENANT_ID>","publicURL":"https:\/\/syd.orchestration.api.rackspacecloud.com\/v1\/<RS_TENANT_ID>"}],"type":"orchestration"},{"name":"cloudServersOpenStack","endpoints":[{"region":"IAD","tenantId":"<RS_TENANT_ID>","publicURL":"https:\/\/iad.servers.api.rackspacecloud.com\/v2\/<RS_TENANT_ID>","versionInfo":"https:\/\/iad.servers.api.rackspacecloud.com\/v2","versionList":"https:\/\/iad.servers.api.rackspacecloud.com\/","versionId":"2"},{"region":"DFW","tenantId":"<RS_TENANT_ID>","publicURL":"https:\/\/dfw.servers.api.rackspacecloud.com\/v2\/<RS_TENANT_ID>","versionInfo":"https:\/\/dfw.servers.api.rackspacecloud.com\/v2","versionList":"https:\/\/dfw.servers.api.rackspacecloud.com\/","versionId":"2"},{"region":"SYD","tenantId":"<RS_TENANT_ID>","publicURL":"https:\/\/syd.servers.api.rackspacecloud.com\/v2\/<RS_TENANT_ID>","versionInfo":"https:\/\/syd.servers.api.rackspacecloud.com\/v2","versionList":"https:\/\/syd.servers.api.rackspacecloud.com\/","versionId":"2"},{"region":"HKG","tenantId":"<RS_TENANT_ID>","publicURL":"https:\/\/hkg.servers.api.rackspacecloud.com\/v2\/<RS_TENANT_ID>","versionInfo":"https:\/\/hkg.servers.api.rackspacecloud.com\/v2","versionList":"https:\/\/hkg.servers.api.rackspacecloud.com\/","versionId":"2"}],"type":"compute"},{"name":"autoscale","endpoints":[{"region":"DFW","tenantId":"<RS_TENANT_ID>","publicURL":"https:\/\/dfw.autoscale.api.rackspacecloud.com\/v1.0\/<RS_TENANT_ID>"},{"region":"HKG","tenantId":"<RS_TENANT_ID>","publicURL":"https:\/\/hkg.autoscale.api.rackspacecloud.com\/v1.0\/<RS_TENANT_ID>"},{"region":"IAD","tenantId":"<RS_TENANT_ID>","publicURL":"https:\/\/iad.autoscale.api.rackspacecloud.com\/v1.0\/<RS_TENANT_ID>"},{"region":"SYD","tenantId":"<RS_TENANT_ID>","publicURL":"https:\/\/syd.autoscale.api.rackspacecloud.com\/v1.0\/<RS_TENANT_ID>"}],"type":"rax:autoscale"},{"name":"cloudDatabases","endpoints":[{"region":"DFW","tenantId":"<RS_TENANT_ID>","publicURL":"https:\/\/dfw.databases.api.rackspacecloud.com\/v1.0\/<RS_TENANT_ID>"},{"region":"IAD","tenantId":"<RS_TENANT_ID>","publicURL":"https:\/\/iad.databases.api.rackspacecloud.com\/v1.0\/<RS_TENANT_ID>"},{"region":"HKG","tenantId":"<RS_TENANT_ID>","publicURL":"https:\/\/hkg.databases.api.rackspacecloud.com\/v1.0\/<RS_TENANT_ID>"},{"region":"SYD","tenantId":"<RS_TENANT_ID>","publicURL":"https:\/\/syd.databases.api.rackspacecloud.com\/v1.0\/<RS_TENANT_ID>"}],"type":"rax:database"},{"name":"cloudBackup","endpoints":[{"region":"IAD","tenantId":"<RS_TENANT_ID>","publicURL":"https:\/\/iad.backup.api.rackspacecloud.com\/v1.0\/<RS_TENANT_ID>"},{"region":"HKG","tenantId":"<RS_TENANT_ID>","publicURL":"https:\/\/hkg.backup.api.rackspacecloud.com\/v1.0\/<RS_TENANT_ID>"},{"region":"SYD","tenantId":"<RS_TENANT_ID>","publicURL":"https:\/\/syd.backup.api.rackspacecloud.com\/v1.0\/<RS_TENANT_ID>"},{"region":"DFW","tenantId":"<RS_TENANT_ID>","publicURL":"https:\/\/dfw.backup.api.rackspacecloud.com\/v1.0\/<RS_TENANT_ID>"}],"type":"rax:backup"},{"name":"cloudNetworks","endpoints":[{"region":"IAD","tenantId":"<RS_TENANT_ID>","publicURL":"https:\/\/iad.networks.api.rackspacecloud.com\/v2.0"},{"region":"ORD","tenantId":"<RS_TENANT_ID>","publicURL":"https:\/\/ord.networks.api.rackspacecloud.com\/v2.0"},{"region":"SYD","tenantId":"<RS_TENANT_ID>","publicURL":"https:\/\/syd.networks.api.rackspacecloud.com\/v2.0"},{"region":"DFW","tenantId":"<RS_TENANT_ID>","publicURL":"https:\/\/dfw.networks.api.rackspacecloud.com\/v2.0"},{"region":"HKG","tenantId":"<RS_TENANT_ID>","publicURL":"https:\/\/hkg.networks.api.rackspacecloud.com\/v2.0"}],"type":"network"},{"name":"cloudMetrics","endpoints":[{"region":"IAD","tenantId":"<RS_TENANT_ID>","publicURL":"https:\/\/global.metrics.api.rackspacecloud.com\/v2.0\/<RS_TENANT_ID>"}],"type":"rax:cloudmetrics"},{"name":"cloudLoadBalancers","endpoints":[{"region":"IAD","tenantId":"<RS_TENANT_ID>","publicURL":"https:\/\/iad.loadbalancers.api.rackspacecloud.com\/v1.0\/<RS_TENANT_ID>"},{"region":"HKG","tenantId":"<RS_TENANT_ID>","publicURL":"https:\/\/hkg.loadbalancers.api.rackspacecloud.com\/v1.0\/<RS_TENANT_ID>"},{"region":"DFW","tenantId":"<RS_TENANT_ID>","publicURL":"https:\/\/dfw.loadbalancers.api.rackspacecloud.com\/v1.0\/<RS_TENANT_ID>"},{"region":"SYD","tenantId":"<RS_TENANT_ID>","publicURL":"https:\/\/syd.loadbalancers.api.rackspacecloud.com\/v1.0\/<RS_TENANT_ID>"}],"type":"rax:load-balancer"},{"name":"cloudFeeds","endpoints":[{"region":"HKG","tenantId":"<RS_TENANT_ID>","publicURL":"https:\/\/hkg.feeds.api.rackspacecloud.com\/<RS_TENANT_ID>","internalURL":"https:\/\/atom.prod.hkg1.us.ci.rackspace.net\/<RS_TENANT_ID>"},{"region":"SYD","tenantId":"<RS_TENANT_ID>","publicURL":"https:\/\/syd.feeds.api.rackspacecloud.com\/<RS_TENANT_ID>","internalURL":"https:\/\/atom.prod.syd2.us.ci.rackspace.net\/<RS_TENANT_ID>"},{"region":"IAD","tenantId":"<RS_TENANT_ID>","publicURL":"https:\/\/iad.feeds.api.rackspacecloud.com\/<RS_TENANT_ID>","internalURL":"https:\/\/atom.prod.iad3.us.ci.rackspace.net\/<RS_TENANT_ID>"},{"region":"DFW","tenantId":"<RS_TENANT_ID>","publicURL":"https:\/\/dfw.feeds.api.rackspacecloud.com\/<RS_TENANT_ID>","internalURL":"https:\/\/atom.prod.dfw1.us.ci.rackspace.net\/<RS_TENANT_ID>"},{"region":"ORD","tenantId":"<RS_TENANT_ID>","publicURL":"https:\/\/ord.feeds.api.rackspacecloud.com\/<RS_TENANT_ID>","internalURL":"https:\/\/atom.prod.ord1.us.ci.rackspace.net\/<RS_TENANT_ID>"}],"type":"rax:feeds"},{"name":"cloudSites","endpoints":[{"region":"DFW","tenantId":"<RS_TENANT_ID>","publicURL":"https:\/\/sites.api.rackspacecloud.com\/v1.0\/<RS_TENANT_ID>"}],"type":"rax:sites"},{"name":"cloudMonitoring","endpoints":[{"tenantId":"<RS_TENANT_ID>","publicURL":"https:\/\/monitoring.api.rackspacecloud.com\/v1.0\/<RS_TENANT_ID>"}],"type":"rax:monitor"},{"name":"cloudDNS","endpoints":[{"tenantId":"<RS_TENANT_ID>","publicURL":"https:\/\/dns.api.rackspacecloud.com\/v1.0\/<RS_TENANT_ID>"}],"type":"rax:dns"},{"name":"Cloud
        DNS","endpoints":[{"tenantId":"<RS_TENANT_ID>","publicURL":"https:\/\/preview.dns.api.rackspacecloud.com\/v2\/<RS_TENANT_ID>"}],"type":"dns"},{"name":"rackCDN","endpoints":[{"region":"DFW","tenantId":"<RS_TENANT_ID>","publicURL":"https:\/\/global.cdn.api.rackspacecloud.com\/v1.0\/<RS_TENANT_ID>","internalURL":"https:\/\/global.cdn.api.rackspacecloud.com\/v1.0\/<RS_TENANT_ID>"}],"type":"rax:cdn"}],"user":{"id":"1658c175e6f34629915d3305cd4e541c","roles":[{"id":"10000363","description":"Admin
        role for OpenStack key management service","name":"keep:admin"},{"id":"10000362","description":"Cloud
        Networks - Security Groups LA","name":"cloudNetworks:Security-Groups-LA"},{"tenantId":"MossoCloudFS_<RS_TENANT_ID>","id":"5","description":"A
        Role that allows a user access to keystone Service methods","name":"object-store:default"},{"tenantId":"<RS_TENANT_ID>","id":"6","description":"A
        Role that allows a user access to keystone Service methods","name":"compute:default"},{"id":"3","description":"User
        Admin Role.","name":"identity:user-admin"}],"name":"<RS_USERNAME>","RAX-AUTH:defaultRegion":"IAD"}}}'
    http_version: 
  recorded_at: Mon, 14 Mar 2016 16:19:49 GMT
- request:
    method: get
    uri: https://iad.networks.api.rackspacecloud.com/v2.0/networks
    body:
      encoding: US-ASCII
      string: ''
    headers:
      User-Agent:
      - fog-core/1.35.0
      Content-Type:
      - application/json
      Accept:
      - application/json
      X-Auth-Token:
      - AAB9stWu2wEERUUfiTzB-YVa4OFwcmid0H7NRTXDBB0m9wcyHdmcvcOOBL3R5Oof0m1yw9rw05uXG7EZBYCDcWPpjFD-R1zueIpyAEF5sDARIC-RNH3mBS4ZJ3RWFoDj3Lrq865AJm5YWg
  response:
    status:
      code: 200
      message: ''
    headers:
      Date:
      - Mon, 14 Mar 2016 16:19:49 GMT, Mon, 14 Mar 2016 16:19:50 GMT
      Via:
      - 1.1 Repose (Repose/6.2.0.2)
      Content-Type:
      - application/json; charset=UTF-8
      Content-Length:
      - '955'
      Server:
      - Jetty(9.2.z-SNAPSHOT)
    body:
      encoding: UTF-8
      string: '{"networks": [{"status": "ACTIVE", "subnets": [], "name": "PortTest",
        "admin_state_up": true, "tenant_id": "<RS_TENANT_ID>", "shared": false, "id":
        "36ad233b-19c7-4327-988a-c085c55623a7"}, {"status": "ACTIVE", "subnets": ["b3070612-b3a7-49c7-b85f-4d9010a053b7"],
        "name": "ANewNetwork", "admin_state_up": true, "tenant_id": "<RS_TENANT_ID>",
        "shared": false, "id": "7d809f68-8408-4836-a349-e6f023edd313"}, {"status":
        "ACTIVE", "subnets": ["9eec9c4f-c920-4c8b-91be-221921a7e079"], "name": "ANewNetwork",
        "admin_state_up": true, "tenant_id": "<RS_TENANT_ID>", "shared": false, "id":
        "855dc19f-66c6-4602-8868-b78b70e888fe"}, {"status": "ACTIVE", "subnets": ["bfcf2f21-61e8-4de9-bd0f-a6416617e017"],
        "name": "ANewNetwork", "admin_state_up": true, "tenant_id": "<RS_TENANT_ID>",
        "shared": false, "id": "c45ddfcd-a8bb-4d93-aff8-a40a083ac44a"}], "networks_links":
        [{"href": "http://localhost:9696/v2.0/networks?marker=36ad233b-19c7-4327-988a-c085c55623a7&page_reverse=True",
        "rel": "previous"}]}'
    http_version: 
  recorded_at: Mon, 14 Mar 2016 16:19:50 GMT
- request:
    method: get
    uri: https://iad.networks.api.rackspacecloud.com/v2.0/ports
    body:
      encoding: US-ASCII
      string: ''
    headers:
      User-Agent:
      - fog-core/1.35.0
      Content-Type:
      - application/json
      Accept:
      - application/json
      X-Auth-Token:
      - AAB9stWu2wEERUUfiTzB-YVa4OFwcmid0H7NRTXDBB0m9wcyHdmcvcOOBL3R5Oof0m1yw9rw05uXG7EZBYCDcWPpjFD-R1zueIpyAEF5sDARIC-RNH3mBS4ZJ3RWFoDj3Lrq865AJm5YWg
  response:
    status:
      code: 200
      message: ''
    headers:
      Date:
      - Mon, 14 Mar 2016 16:19:50 GMT, Mon, 14 Mar 2016 16:19:50 GMT
      Via:
      - 1.1 Repose (Repose/6.2.0.2)
      Content-Type:
      - application/json; charset=UTF-8
      Content-Length:
      - '8683'
      Server:
      - Jetty(9.2.z-SNAPSHOT)
    body:
      encoding: UTF-8
      string: '{"ports_links": [{"href": "http://localhost:9696/v2.0/ports?marker=d761b7a7-e20b-4958-ad85-4a2fd3f456d0&page_reverse=True",
        "rel": "previous"}], "ports": [{"status": "ACTIVE", "name": "SomethingDifferent",
        "admin_state_up": true, "network_id": "00000000-0000-0000-0000-000000000000",
        "tenant_id": "<RS_TENANT_ID>", "device_owner": "compute:None", "mac_address":
        "BC:76:4E:21:0B:CC", "fixed_ips": [{"subnet_id": "00000000-0000-0000-0000-000000000000",
        "ip_address": "104.239.229.156"}, {"subnet_id": "11111111-1111-1111-1111-111111111111",
        "ip_address": "2001:4802:7803:104:be76:4eff:fe21:bcc"}], "id": "d761b7a7-e20b-4958-ad85-4a2fd3f456d0",
        "security_groups": [], "device_id": "917185a6-ea7c-4bae-8954-f58b39b8b7f2"},
        {"status": "ACTIVE", "name": "SomethingDifferent", "admin_state_up": true,
        "network_id": "11111111-1111-1111-1111-111111111111", "tenant_id": "<RS_TENANT_ID>",
        "device_owner": "compute:None", "mac_address": "BC:76:4E:21:11:B1", "fixed_ips":
        [{"subnet_id": "22222222-2222-2222-2222-222222222222", "ip_address": "10.176.205.166"}],
        "id": "b0fc9b19-1a1b-4171-981d-421907c099ad", "security_groups": [], "device_id":
        "917185a6-ea7c-4bae-8954-f58b39b8b7f2"}, {"status": "ACTIVE", "name": "",
        "admin_state_up": true, "network_id": "00000000-0000-0000-0000-000000000000",
        "tenant_id": "<RS_TENANT_ID>", "device_owner": "compute:None", "mac_address":
        "BC:76:4E:21:18:B0", "fixed_ips": [{"subnet_id": "11111111-1111-1111-1111-111111111111",
        "ip_address": "2001:4802:7802:101:be76:4eff:fe21:18b0"}, {"subnet_id": "00000000-0000-0000-0000-000000000000",
        "ip_address": "162.242.251.50"}], "id": "da6fc794-98b3-4ab2-80a5-962bb49662dd",
        "security_groups": [], "device_id": "a0eaa1df-592b-4637-a808-b5fe3cbe4250"},
        {"status": "ACTIVE", "name": "", "admin_state_up": true, "network_id": "11111111-1111-1111-1111-111111111111",
        "tenant_id": "<RS_TENANT_ID>", "device_owner": "compute:None", "mac_address":
        "BC:76:4E:20:BA:B8", "fixed_ips": [{"subnet_id": "22222222-2222-2222-2222-222222222222",
        "ip_address": "10.208.129.1"}], "id": "cc804a6b-a2d8-4d82-ad06-16c8860c72ef",
        "security_groups": [], "device_id": "a0eaa1df-592b-4637-a808-b5fe3cbe4250"},
        {"status": "ACTIVE", "name": "", "admin_state_up": true, "network_id": "11111111-1111-1111-1111-111111111111",
        "tenant_id": "<RS_TENANT_ID>", "device_owner": "compute:None", "mac_address":
        "BC:76:4E:20:1D:07", "fixed_ips": [{"subnet_id": "22222222-2222-2222-2222-222222222222",
        "ip_address": "10.208.234.71"}], "id": "63e3f967-d103-4afa-9914-bd91a2d4ae20",
        "security_groups": [], "device_id": "f1f0af61-fecd-4ed7-874d-3b6f5c591bdd"},
        {"status": "ACTIVE", "name": "", "admin_state_up": true, "network_id": "00000000-0000-0000-0000-000000000000",
        "tenant_id": "<RS_TENANT_ID>", "device_owner": "compute:None", "mac_address":
        "BC:76:4E:21:14:84", "fixed_ips": [{"subnet_id": "11111111-1111-1111-1111-111111111111",
        "ip_address": "2001:4802:7802:104:be76:4eff:fe21:1484"}, {"subnet_id": "00000000-0000-0000-0000-000000000000",
        "ip_address": "104.130.11.252"}], "id": "f1a19978-e019-4d43-8e00-15084e2add16",
        "security_groups": [], "device_id": "f1f0af61-fecd-4ed7-874d-3b6f5c591bdd"},
        {"status": "ACTIVE", "name": "", "admin_state_up": true, "network_id": "00000000-0000-0000-0000-000000000000",
        "tenant_id": "<RS_TENANT_ID>", "device_owner": "compute:None", "mac_address":
        "BC:76:4E:20:F0:B8", "fixed_ips": [{"subnet_id": "00000000-0000-0000-0000-000000000000",
        "ip_address": "162.209.125.73"}, {"subnet_id": "11111111-1111-1111-1111-111111111111",
        "ip_address": "2001:4802:7801:101:be76:4eff:fe20:f0b8"}], "id": "2b954908-3d22-4171-adc7-2c0bd0301bba",
        "security_groups": [], "device_id": "9037d915-ee27-4573-808b-167ddf05f856"},
        {"status": "ACTIVE", "name": "", "admin_state_up": true, "network_id": "11111111-1111-1111-1111-111111111111",
        "tenant_id": "<RS_TENANT_ID>", "device_owner": "compute:None", "mac_address":
        "BC:76:4E:20:F1:E0", "fixed_ips": [{"subnet_id": "22222222-2222-2222-2222-222222222222",
        "ip_address": "10.223.241.205"}], "id": "aa6f7626-6c8b-4467-9949-231f5769a7d4",
        "security_groups": [], "device_id": "9037d915-ee27-4573-808b-167ddf05f856"},
        {"status": "ACTIVE", "name": "", "admin_state_up": true, "network_id": "00000000-0000-0000-0000-000000000000",
        "tenant_id": "<RS_TENANT_ID>", "device_owner": "compute:None", "mac_address":
        "BC:76:4E:20:0E:CD", "fixed_ips": [{"subnet_id": "11111111-1111-1111-1111-111111111111",
        "ip_address": "2001:4802:7805:101:be76:4eff:fe20:ecd"}, {"subnet_id": "00000000-0000-0000-0000-000000000000",
        "ip_address": "104.239.175.153"}], "id": "22b8a010-20bd-4053-8a85-79d58f6b42ae",
        "security_groups": [], "device_id": "b32068b7-4e57-4125-9d1a-33918e292e88"},
        {"status": "ACTIVE", "name": "", "admin_state_up": true, "network_id": "11111111-1111-1111-1111-111111111111",
        "tenant_id": "<RS_TENANT_ID>", "device_owner": "compute:None", "mac_address":
        "BC:76:4E:20:C6:02", "fixed_ips": [{"subnet_id": "22222222-2222-2222-2222-222222222222",
        "ip_address": "10.209.65.137"}], "id": "72d5ec2c-fc1c-475f-bdd5-179730aec8d2",
        "security_groups": [], "device_id": "b32068b7-4e57-4125-9d1a-33918e292e88"},
        {"status": "ACTIVE", "name": "", "admin_state_up": true, "network_id": "11111111-1111-1111-1111-111111111111",
        "tenant_id": "<RS_TENANT_ID>", "device_owner": "compute:None", "mac_address":
        "BC:76:4E:20:29:47", "fixed_ips": [{"subnet_id": "22222222-2222-2222-2222-222222222222",
        "ip_address": "10.208.163.141"}], "id": "d1e3c016-7e0b-420a-945b-662d2616bc7e",
        "security_groups": [], "device_id": "95d4f801-858a-4728-9ac0-dc5900d71f76"},
        {"status": "ACTIVE", "name": "", "admin_state_up": true, "network_id": "00000000-0000-0000-0000-000000000000",
        "tenant_id": "<RS_TENANT_ID>", "device_owner": "compute:None", "mac_address":
        "BC:76:4E:21:2A:8D", "fixed_ips": [{"subnet_id": "11111111-1111-1111-1111-111111111111",
        "ip_address": "2001:4802:7802:102:be76:4eff:fe21:2a8d"}, {"subnet_id": "00000000-0000-0000-0000-000000000000",
        "ip_address": "162.242.245.203"}], "id": "018fa353-0323-4541-8013-6459255ba904",
        "security_groups": [], "device_id": "95d4f801-858a-4728-9ac0-dc5900d71f76"},
        {"status": "ACTIVE", "name": "", "admin_state_up": true, "network_id": "00000000-0000-0000-0000-000000000000",
        "tenant_id": "<RS_TENANT_ID>", "device_owner": "compute:None", "mac_address":
        "BC:76:4E:21:30:C7", "fixed_ips": [{"subnet_id": "11111111-1111-1111-1111-111111111111",
        "ip_address": "2001:4802:7802:102:be76:4eff:fe21:30c7"}, {"subnet_id": "00000000-0000-0000-0000-000000000000",
        "ip_address": "162.242.247.97"}], "id": "29367899-8521-48b9-b7d0-fb5f9e374458",
        "security_groups": [], "device_id": "f1191462-ab29-4edb-8610-dffbdc827e76"},
        {"status": "ACTIVE", "name": "", "admin_state_up": true, "network_id": "11111111-1111-1111-1111-111111111111",
        "tenant_id": "<RS_TENANT_ID>", "device_owner": "compute:None", "mac_address":
        "BC:76:4E:21:23:B1", "fixed_ips": [{"subnet_id": "22222222-2222-2222-2222-222222222222",
        "ip_address": "10.208.162.227"}], "id": "324deac9-5d9f-4d54-bce0-bef34eb9cc4e",
        "security_groups": [], "device_id": "f1191462-ab29-4edb-8610-dffbdc827e76"},
        {"status": "ACTIVE", "name": "", "admin_state_up": true, "network_id": "11111111-1111-1111-1111-111111111111",
        "tenant_id": "<RS_TENANT_ID>", "device_owner": "compute:None", "mac_address":
        "BC:76:4E:21:0F:95", "fixed_ips": [{"subnet_id": "22222222-2222-2222-2222-222222222222",
        "ip_address": "10.209.224.178"}], "id": "7bdc20ca-3f14-456e-b25f-0514278551ca",
        "security_groups": [], "device_id": "d8c45b97-2c4e-4c16-b64d-7c809cb03666"},
        {"status": "ACTIVE", "name": "", "admin_state_up": true, "network_id": "00000000-0000-0000-0000-000000000000",
        "tenant_id": "<RS_TENANT_ID>", "device_owner": "compute:None", "mac_address":
        "BC:76:4E:20:F7:A8", "fixed_ips": [{"subnet_id": "00000000-0000-0000-0000-000000000000",
        "ip_address": "146.20.65.139"}, {"subnet_id": "11111111-1111-1111-1111-111111111111",
        "ip_address": "2001:4802:7806:102:be76:4eff:fe20:f7a8"}], "id": "f26e05c4-0844-42fc-85a0-a71e50b2b7fa",
        "security_groups": [], "device_id": "d8c45b97-2c4e-4c16-b64d-7c809cb03666"},
        {"status": "ACTIVE", "name": "ANewPort", "admin_state_up": true, "network_id":
        "7d809f68-8408-4836-a349-e6f023edd313", "tenant_id": "<RS_TENANT_ID>", "device_owner":
        null, "mac_address": "BC:76:4E:20:FF:C0", "fixed_ips": [{"subnet_id": "b3070612-b3a7-49c7-b85f-4d9010a053b7",
        "ip_address": "192.168.101.1"}], "id": "1d8e92c5-0fca-428b-adcc-568105360883",
        "security_groups": [], "device_id": ""}, {"status": "ACTIVE", "name": "ANewPort",
        "admin_state_up": true, "network_id": "855dc19f-66c6-4602-8868-b78b70e888fe",
        "tenant_id": "<RS_TENANT_ID>", "device_owner": null, "mac_address": "BC:76:4E:20:16:AA",
        "fixed_ips": [{"subnet_id": "9eec9c4f-c920-4c8b-91be-221921a7e079", "ip_address":
        "192.168.101.1"}], "id": "c4077d8d-0a52-42ed-8437-9b8ec15c68e3", "security_groups":
        [], "device_id": ""}]}'
    http_version: 
  recorded_at: Mon, 14 Mar 2016 16:19:50 GMT
recorded_with: VCR 3.0.1
